// Vitest Snapshot v1, https://vitest.dev/guide/snapshot.html

exports[`should render default ImageView 1`] = `
"<div class=\\"er-image-view\\">
  <div class=\\"er-image-view__wrapper\\">image-view</div>
</div>"
`;
