// Vitest Snapshot v1, https://vitest.dev/guide/snapshot.html

exports[`should render default Breadcrumb 1`] = `
"<div class=\\"er-breadcrumb\\">
  <div class=\\"er-breadcrumb-item\\"><a href=\\"javascript:;\\">首页</a>
    <!---->
  </div>
  <div class=\\"er-breadcrumb-item\\"><a href=\\"javascript:;\\">活动管理</a>
    <!---->
  </div>
  <div class=\\"er-breadcrumb-item\\"><span>活动编辑</span>
    <!---->
  </div>
</div>"
`;
