// Vitest Snapshot v1, https://vitest.dev/guide/snapshot.html

exports[`should render default Area 1`] = `
"<div class=\\"er-area\\">
  <div class=\\"er-area__input\\">
    <!----><span>请选择地区</span><i class=\\"er-icon er-icon--arrow-down er-area__arrow\\" style=\\"font-size: 18px;\\"></i>
  </div>
  <!---->
</div>"
`;
